// Jest Snapshot v1, https://goo.gl/fbAQLP

exports[`Button tests Default view 1`] = `
<button
  className="btn"
>
  
</button>
`;
